// Jest Snapshot v1, https://goo.gl/fbAQLP

exports[`<Register /> should match a snapshot 1`] = `
<div>
  <h2>
    Register
  </h2>
</div>
`;
