// Jest Snapshot v1, https://goo.gl/fbAQLP

exports[`<Main /> should match a snapshot 1`] = `
<main>
  <h3>
    React Avan√ßado
  </h3>
</main>
`;
