// Jest Snapshot v1, https://goo.gl/fbAQLP

exports[`<Login /> should match a snapshot 1`] = `
<div>
  <h3>
    Login
  </h3>
</div>
`;
